#0 building with "desktop-linux" instance using docker driver

#1 [internal] load build definition from Dockerfile
#1 transferring dockerfile: 765B done
#1 DONE 0.0s

#2 [internal] load metadata for docker.io/library/node:22-alpine
#2 DONE 1.0s

#3 [internal] load .dockerignore
#3 transferring context: 127B done
#3 DONE 0.0s

#4 [internal] load build context
#4 DONE 0.0s

#5 [dependencies 1/4] FROM docker.io/library/node:22-alpine@sha256:16e22a550f3863206a3f701448c45f7912c6896a62de43add43bb9c86130c3e2
#5 resolve docker.io/library/node:22-alpine@sha256:16e22a550f3863206a3f701448c45f7912c6896a62de43add43bb9c86130c3e2 0.1s done
#5 DONE 0.1s

#4 [internal] load build context
#4 transferring context: 339.94kB 0.1s done
#4 DONE 0.1s

#6 [dependencies 2/4] WORKDIR /app
#6 CACHED

#7 [dependencies 3/4] COPY package.json package-lock.json ./
#7 DONE 0.1s

#8 [dependencies 4/4] RUN npm ci --no-audit --no-fund
#8 8.575 npm warn deprecated @esbuild-kit/esm-loader@2.6.5: Merged into tsx: https://tsx.is
#8 8.797 npm warn deprecated @esbuild-kit/core-utils@3.3.2: Merged into tsx: https://tsx.is
#8 30.21 
#8 30.21 added 427 packages in 30s
#8 30.21 npm notice
#8 30.21 npm notice New major version of npm available! 10.9.8 -> 12.0.1
#8 30.21 npm notice Changelog: https://github.com/npm/cli/releases/tag/v12.0.1
#8 30.21 npm notice To update run: npm install -g npm@12.0.1
#8 30.21 npm notice
#8 DONE 30.8s

#9 [builder 3/5] COPY --from=dependencies /app/node_modules ./node_modules
#9 DONE 3.4s

#10 [builder 4/5] COPY . .
#10 DONE 0.3s

#11 [builder 5/5] RUN npm run build
#11 0.942 
#11 0.942 > kiraat-agi@0.1.0 build
#11 0.942 > next build
#11 0.942 
#11 1.860 ▲ Next.js 16.2.12 (Turbopack)
#11 1.861 - Experiments (use with caution):
#11 1.861   · serverActions
#11 1.861 
#11 1.923   Creating an optimized production build ...
#11 5.954 ✓ Compiled successfully in 3.6s
#11 5.961   Running TypeScript ...
#11 12.20   Finished TypeScript in 6.2s ...
#11 12.20   Collecting page data using 15 workers ...
#11 13.43   Generating static pages using 15 workers (0/9) ...
#11 13.98   Generating static pages using 15 workers (2/9) 
#11 13.99   Generating static pages using 15 workers (4/9) 
#11 14.06   Generating static pages using 15 workers (6/9) 
#11 14.27 ✓ Generating static pages using 15 workers (9/9) in 838ms
#11 14.28   Finalizing page optimization ...
#11 14.73 
#11 14.73 Route (app)
#11 14.73 ┌ ƒ /
#11 14.73 ├ ƒ /_not-found
#11 14.73 ├ ƒ /api/auth/login
#11 14.73 ├ ƒ /api/auth/logout
#11 14.73 ├ ƒ /api/dictionaries
#11 14.73 ├ ƒ /api/health
#11 14.73 ├ ƒ /api/persons
#11 14.73 ├ ƒ /api/persons/[id]
#11 14.73 ├ ƒ /api/relations
#11 14.73 ├ ƒ /api/relations/[id]
#11 14.73 ├ ƒ /login
#11 14.73 ├ ƒ /persons
#11 14.73 └ ƒ /persons/[id]
#11 14.73 
#11 14.73 
#11 14.73 ƒ  (Dynamic)  server-rendered on demand
#11 14.73 
#11 14.78 npm notice
#11 14.78 npm notice New major version of npm available! 10.9.8 -> 12.0.1
#11 14.78 npm notice Changelog: https://github.com/npm/cli/releases/tag/v12.0.1
#11 14.78 npm notice To update run: npm install -g npm@12.0.1
#11 14.78 npm notice
#11 DONE 14.9s

#12 [runner 3/6] RUN addgroup --system --gid 1001 nodejs && adduser --system --uid 1001 nextjs
#12 CACHED

#13 [runner 4/6] COPY --from=builder --chown=nextjs:nodejs /app/public ./public
#13 CACHED

#14 [runner 5/6] COPY --from=builder --chown=nextjs:nodejs /app/.next/standalone ./
#14 DONE 0.3s

#15 [runner 6/6] COPY --from=builder --chown=nextjs:nodejs /app/.next/static ./.next/static
#15 DONE 0.2s

#16 exporting to image
#16 exporting layers
#16 exporting layers 1.6s done
#16 exporting manifest sha256:fec0b3204004c23fe58ba36e49262a539fd9fac8534b36517240bc70fad23dcb 0.0s done
#16 exporting config sha256:1e6273e1acef48f27aad8b70c82071385d8afca51311dcb7461587fa3f5a524b 0.0s done
#16 exporting attestation manifest sha256:e838116e536938b59c993a119f4230f490250b0305b4748c239fc3fc9546c637
#16 exporting attestation manifest sha256:e838116e536938b59c993a119f4230f490250b0305b4748c239fc3fc9546c637 0.1s done
#16 exporting manifest list sha256:ed308f371722bafde92a4b22a219da5dd37f990e2160de89918af3a07585badd 0.0s done
#16 naming to docker.io/library/kiraat-agi:local
#16 naming to docker.io/library/kiraat-agi:local done
#16 unpacking to docker.io/library/kiraat-agi:local
#16 unpacking to docker.io/library/kiraat-agi:local 0.5s done
#16 DONE 2.4s
