#0 building with "desktop-linux" instance using docker driver

#1 [internal] load build definition from Dockerfile
#1 transferring dockerfile: 765B done
#1 DONE 0.0s

#2 [internal] load metadata for docker.io/library/node:22-alpine
#2 DONE 0.8s

#3 [internal] load .dockerignore
#3 transferring context: 127B 0.0s done
#3 DONE 0.0s

#4 [internal] load build context
#4 DONE 0.0s

#5 [dependencies 1/4] FROM docker.io/library/node:22-alpine@sha256:16e22a550f3863206a3f701448c45f7912c6896a62de43add43bb9c86130c3e2
#5 resolve docker.io/library/node:22-alpine@sha256:16e22a550f3863206a3f701448c45f7912c6896a62de43add43bb9c86130c3e2 0.1s done
#5 DONE 0.1s

#4 [internal] load build context
#4 transferring context: 322.77kB 0.1s done
#4 DONE 0.1s

#6 [dependencies 2/4] WORKDIR /app
#6 CACHED

#7 [dependencies 3/4] COPY package.json package-lock.json ./
#7 DONE 0.1s

#8 [dependencies 4/4] RUN npm ci --no-audit --no-fund
#8 9.214 npm warn deprecated @esbuild-kit/core-utils@3.3.2: Merged into tsx: https://tsx.is
#8 9.281 npm warn deprecated @esbuild-kit/esm-loader@2.6.5: Merged into tsx: https://tsx.is
#8 30.00 
#8 30.00 added 407 packages in 29s
#8 30.01 npm notice
#8 30.01 npm notice New major version of npm available! 10.9.8 -> 12.0.1
#8 30.01 npm notice Changelog: https://github.com/npm/cli/releases/tag/v12.0.1
#8 30.01 npm notice To update run: npm install -g npm@12.0.1
#8 30.01 npm notice
#8 DONE 35.5s

#9 [builder 3/5] COPY --from=dependencies /app/node_modules ./node_modules
#9 DONE 7.0s

#10 [builder 4/5] COPY . .
#10 DONE 0.3s

#11 [builder 5/5] RUN npm run build
#11 0.978 
#11 0.978 > kiraat-agi@0.1.0 build
#11 0.978 > next build
#11 0.978 
#11 1.700 ▲ Next.js 16.2.12 (Turbopack)
#11 1.700 - Experiments (use with caution):
#11 1.700   · serverActions
#11 1.700 
#11 1.758   Creating an optimized production build ...
#11 6.052 ✓ Compiled successfully in 3.9s
#11 6.062   Running TypeScript ...
#11 12.50   Finished TypeScript in 6.4s ...
#11 12.51   Collecting page data using 15 workers ...
#11 13.71   Generating static pages using 15 workers (0/9) ...
#11 14.38   Generating static pages using 15 workers (2/9) 
#11 14.45   Generating static pages using 15 workers (4/9) 
#11 14.46   Generating static pages using 15 workers (6/9) 
#11 14.64 ✓ Generating static pages using 15 workers (9/9) in 929ms
#11 14.65   Finalizing page optimization ...
#11 14.98 
#11 14.98 Route (app)
#11 14.98 ┌ ƒ /
#11 14.98 ├ ƒ /_not-found
#11 14.98 ├ ƒ /api/auth/login
#11 14.98 ├ ƒ /api/auth/logout
#11 14.98 ├ ƒ /api/dictionaries
#11 14.98 ├ ƒ /api/health
#11 14.98 ├ ƒ /api/persons
#11 14.98 ├ ƒ /api/persons/[id]
#11 14.98 ├ ƒ /api/relations
#11 14.98 ├ ƒ /api/relations/[id]
#11 14.98 ├ ƒ /login
#11 14.98 ├ ƒ /persons
#11 14.98 └ ƒ /persons/[id]
#11 14.98 
#11 14.98 
#11 14.98 ƒ  (Dynamic)  server-rendered on demand
#11 14.98 
#11 15.03 npm notice
#11 15.03 npm notice New major version of npm available! 10.9.8 -> 12.0.1
#11 15.03 npm notice Changelog: https://github.com/npm/cli/releases/tag/v12.0.1
#11 15.03 npm notice To update run: npm install -g npm@12.0.1
#11 15.03 npm notice
#11 DONE 15.1s

#12 [runner 3/6] RUN addgroup --system --gid 1001 nodejs && adduser --system --uid 1001 nextjs
#12 CACHED

#13 [runner 4/6] COPY --from=builder --chown=nextjs:nodejs /app/public ./public
#13 CACHED

#14 [runner 5/6] COPY --from=builder --chown=nextjs:nodejs /app/.next/standalone ./
#14 DONE 0.3s

#15 [runner 6/6] COPY --from=builder --chown=nextjs:nodejs /app/.next/static ./.next/static
#15 DONE 0.2s

#16 exporting to image
#16 exporting layers
#16 exporting layers 1.5s done
#16 exporting manifest sha256:dadcd0f860e16287d7645feb0455de5e86b410330aa3c83fc2e9c7b8ffdcf94c 0.0s done
#16 exporting config sha256:b6a74dccc1a6f45efe7aeaa5502ab95685581d1c6de1896701da073bf837b3d7 0.0s done
#16 exporting attestation manifest sha256:c25bdeeafd035ff956e3238c29dfd7bba67ed5cb465563795d7485ce4b01d2b8
#16 exporting attestation manifest sha256:c25bdeeafd035ff956e3238c29dfd7bba67ed5cb465563795d7485ce4b01d2b8 0.1s done
#16 exporting manifest list sha256:d5889b85e424517ec9f14ea9fb0e2c0dccea1e20af904d25fa8817d9817aa52e 0.0s done
#16 naming to docker.io/library/kiraat-agi:local
#16 naming to docker.io/library/kiraat-agi:local done
#16 unpacking to docker.io/library/kiraat-agi:local
#16 unpacking to docker.io/library/kiraat-agi:local 0.5s done
#16 DONE 2.4s
