#0 building with "desktop-linux" instance using docker driver

#1 [internal] load build definition from Dockerfile
#1 transferring dockerfile: 765B 0.0s done
#1 DONE 0.1s

#2 [internal] load metadata for docker.io/library/node:22-alpine
#2 DONE 2.3s

#3 [dependencies 1/4] FROM docker.io/library/node:22-alpine@sha256:16e22a550f3863206a3f701448c45f7912c6896a62de43add43bb9c86130c3e2
#3 resolve docker.io/library/node:22-alpine@sha256:16e22a550f3863206a3f701448c45f7912c6896a62de43add43bb9c86130c3e2 0.1s done
#3 sha256:d10ff586f6bdbdd6000a70a914e56bf05bedc78de3311d08a953643982d84e23 446B / 446B 0.3s done
#3 sha256:1d4d101ceaad39fb56dcac0bb6cc291e6cdec3b711786f0c82b050b5b5b85690 1.26MB / 1.26MB 2.0s done
#3 sha256:55afa1ecc21d2bb5e5045f32dafee56272ffd89860bac26f6c32123439af26a4 3.85MB / 3.85MB 12.1s done
#3 extracting sha256:55afa1ecc21d2bb5e5045f32dafee56272ffd89860bac26f6c32123439af26a4 0.2s done
#3 sha256:3f4c164634d251a8b256151a9e1c1d3e5c5b21f1974f00a213875e66e3fa0801 52.31MB / 52.31MB 64.1s done
#3 extracting sha256:3f4c164634d251a8b256151a9e1c1d3e5c5b21f1974f00a213875e66e3fa0801 1.7s done
#3 extracting sha256:1d4d101ceaad39fb56dcac0bb6cc291e6cdec3b711786f0c82b050b5b5b85690 0.1s done
#3 extracting sha256:d10ff586f6bdbdd6000a70a914e56bf05bedc78de3311d08a953643982d84e23 0.0s done
#3 DONE 66.4s

#4 [dependencies 2/4] WORKDIR /app
#4 DONE 0.2s

#5 [runner 3/6] RUN addgroup --system --gid 1001 nodejs && adduser --system --uid 1001 nextjs
#5 DONE 0.5s

#6 [internal] load .dockerignore
#6 transferring context: 127B 0.0s done
#6 DONE 0.1s

#7 [internal] load build context
#7 transferring context: 3.47MB 0.2s done
#7 DONE 0.3s

#8 [dependencies 3/4] COPY package.json package-lock.json ./
#8 DONE 0.2s

#9 [dependencies 4/4] RUN npm ci --no-audit --no-fund
#9 27.85 npm warn deprecated @esbuild-kit/esm-loader@2.6.5: Merged into tsx: https://tsx.is
#9 28.18 npm warn deprecated @esbuild-kit/core-utils@3.3.2: Merged into tsx: https://tsx.is
#9 147.0 
#9 147.0 added 427 packages in 2m
#9 147.0 npm notice
#9 147.0 npm notice New major version of npm available! 10.9.8 -> 12.0.1
#9 147.0 npm notice Changelog: https://github.com/npm/cli/releases/tag/v12.0.1
#9 147.0 npm notice To update run: npm install -g npm@12.0.1
#9 147.0 npm notice
#9 DONE 147.2s

#10 [dependencies 3/4] COPY package.json package-lock.json ./
#10 CACHED

#11 [dependencies 4/4] RUN npm ci --no-audit --no-fund
#11 CACHED

#12 [builder 3/5] COPY --from=dependencies /app/node_modules ./node_modules
#12 CANCELED

#13 [builder 3/5] COPY --from=dependencies /app/node_modules ./node_modules
#13 DONE 3.6s

#14 [builder 4/5] COPY . .
#14 DONE 0.4s

#15 [builder 5/5] RUN npm run build
#15 1.143 
#15 1.143 > kiraat-agi@0.1.0 build
#15 1.143 > next build
#15 1.143 
#15 1.883 ▲ Next.js 16.2.6 (Turbopack)
#15 1.884 - Experiments (use with caution):
#15 1.884   · serverActions
#15 1.886 
#15 1.934   Creating an optimized production build ...
#15 6.954 ✓ Compiled successfully in 4.6s
#15 6.969   Running TypeScript ...
#15 14.01   Finished TypeScript in 7.0s ...
#15 14.01   Collecting page data using 15 workers ...
#15 16.30   Generating static pages using 15 workers (0/9) ...
#15 16.84   Generating static pages using 15 workers (2/9) 
#15 16.85   Generating static pages using 15 workers (4/9) 
#15 16.92   Generating static pages using 15 workers (6/9) 
#15 17.17 ✓ Generating static pages using 15 workers (9/9) in 873ms
#15 17.19   Finalizing page optimization ...
#15 17.75 
#15 17.75 Route (app)
#15 17.75 ┌ ƒ /
#15 17.75 ├ ƒ /_not-found
#15 17.75 ├ ƒ /api/auth/login
#15 17.75 ├ ƒ /api/auth/logout
#15 17.75 ├ ƒ /api/dictionaries
#15 17.75 ├ ƒ /api/health
#15 17.75 ├ ƒ /api/persons
#15 17.75 ├ ƒ /api/persons/[id]
#15 17.75 ├ ƒ /api/relations
#15 17.75 ├ ƒ /api/relations/[id]
#15 17.75 ├ ƒ /login
#15 17.75 ├ ƒ /persons
#15 17.75 └ ƒ /persons/[id]
#15 17.75 
#15 17.75 
#15 17.75 ƒ  (Dynamic)  server-rendered on demand
#15 17.75 
#15 17.80 npm notice
#15 17.80 npm notice New major version of npm available! 10.9.8 -> 12.0.1
#15 17.80 npm notice Changelog: https://github.com/npm/cli/releases/tag/v12.0.1
#15 17.80 npm notice To update run: npm install -g npm@12.0.1
#15 17.80 npm notice
#15 DONE 17.9s

#16 [runner 4/6] COPY --from=builder --chown=nextjs:nodejs /app/public ./public
#16 DONE 0.2s

#17 [runner 5/6] COPY --from=builder --chown=nextjs:nodejs /app/.next/standalone ./
#17 DONE 0.4s

#18 [runner 6/6] COPY --from=builder --chown=nextjs:nodejs /app/.next/static ./.next/static
#18 DONE 0.3s

#19 exporting to image
#19 exporting layers
#19 exporting layers 2.9s done
#19 exporting manifest sha256:69a1571bcb848243760ad801ea45ff47b21acf595bcee012dad449f24a61f5d8 0.1s done
#19 exporting config sha256:29ab26402c152bed3ea10bd5b06330473e3788a98778d67f03c0da913a859724
#19 exporting config sha256:29ab26402c152bed3ea10bd5b06330473e3788a98778d67f03c0da913a859724 0.1s done
#19 exporting attestation manifest sha256:c9984b417d235bc21ab846b8b7314a6aaa8c4dfa79012e9c933288dd9ea0ba1d
#19 exporting attestation manifest sha256:c9984b417d235bc21ab846b8b7314a6aaa8c4dfa79012e9c933288dd9ea0ba1d 0.1s done
#19 exporting manifest list sha256:dc535f849adc8d6627361616a7f72af770511d90864d4330d04b60e9436f4465
#19 exporting manifest list sha256:dc535f849adc8d6627361616a7f72af770511d90864d4330d04b60e9436f4465 0.1s done
#19 naming to docker.io/library/kiraat-agi:local 0.0s done
#19 unpacking to docker.io/library/kiraat-agi:local
#19 unpacking to docker.io/library/kiraat-agi:local 0.8s done
#19 DONE 4.2s
